<?xml version="1.0" ?>
<FlowMonitor>
  <FlowStats>
    <Flow flowId="1" timeFirstTxPacket="+200000000.0ns" timeFirstRxPacket="+240092800.0ns" timeLastTxPacket="+600080172798.0ns" timeLastRxPacket="+600120239998.0ns" delaySum="+3275958777576.0ns" jitterSum="+10435468802.0ns" lastDelay="+40067200.0ns" txBytes="82237356" rxBytes="82077452" txPackets="78181" rxPackets="78029" lostPackets="150" timesForwarded="0">
      <delayHistogram nBins="67" >
        <bin index="40" start="0.04" width="0.001" count="8" />
        <bin index="41" start="0.041" width="0.001" count="74460" />
        <bin index="43" start="0.043" width="0.001" count="1338" />
        <bin index="44" start="0.044" width="0.001" count="134" />
        <bin index="45" start="0.045" width="0.001" count="177" />
        <bin index="46" start="0.046" width="0.001" count="304" />
        <bin index="48" start="0.048" width="0.001" count="162" />
        <bin index="49" start="0.049" width="0.001" count="134" />
        <bin index="50" start="0.05" width="0.001" count="155" />
        <bin index="51" start="0.051" width="0.001" count="287" />
        <bin index="52" start="0.052" width="0.001" count="3" />
        <bin index="53" start="0.053" width="0.001" count="149" />
        <bin index="54" start="0.054" width="0.001" count="134" />
        <bin index="55" start="0.055" width="0.001" count="284" />
        <bin index="56" start="0.056" width="0.001" count="143" />
        <bin index="57" start="0.057" width="0.001" count="2" />
        <bin index="58" start="0.058" width="0.001" count="141" />
        <bin index="60" start="0.06" width="0.001" count="5" />
        <bin index="61" start="0.061" width="0.001" count="3" />
        <bin index="63" start="0.063" width="0.001" count="3" />
        <bin index="65" start="0.065" width="0.001" count="2" />
        <bin index="66" start="0.066" width="0.001" count="1" />
      </delayHistogram>
      <jitterHistogram nBins="26" >
        <bin index="0" start="0" width="0.001" count="73142" />
        <bin index="1" start="0.001" width="0.001" count="4319" />
        <bin index="3" start="0.003" width="0.001" count="9" />
        <bin index="4" start="0.004" width="0.001" count="273" />
        <bin index="5" start="0.005" width="0.001" count="2" />
        <bin index="6" start="0.006" width="0.001" count="276" />
        <bin index="8" start="0.008" width="0.001" count="2" />
        <bin index="11" start="0.011" width="0.001" count="2" />
        <bin index="16" start="0.016" width="0.001" count="2" />
        <bin index="25" start="0.025" width="0.001" count="1" />
      </jitterHistogram>
      <packetSizeHistogram nBins="53" >
        <bin index="2" start="40" width="20" count="9" />
        <bin index="52" start="1040" width="20" count="78020" />
      </packetSizeHistogram>
      <flowInterruptionsHistogram nBins="0" >
      </flowInterruptionsHistogram>
    </Flow>
    <Flow flowId="2" timeFirstTxPacket="+240092800.0ns" timeFirstRxPacket="+280185600.0ns" timeLastTxPacket="+600040086399.0ns" timeLastRxPacket="+600080172798.0ns" delaySum="+1585643876061.0ns" jitterSum="+3616273.0ns" lastDelay="+40086399.0ns" txBytes="2073336" rxBytes="2073336" txPackets="39555" rxPackets="39555" lostPackets="0" timesForwarded="0">
      <delayHistogram nBins="41" >
        <bin index="40" start="0.04" width="0.001" count="39555" />
      </delayHistogram>
      <jitterHistogram nBins="1" >
        <bin index="0" start="0" width="0.001" count="39554" />
      </jitterHistogram>
      <packetSizeHistogram nBins="4" >
        <bin index="2" start="40" width="20" count="37540" />
        <bin index="3" start="60" width="20" count="2015" />
      </packetSizeHistogram>
      <flowInterruptionsHistogram nBins="0" >
      </flowInterruptionsHistogram>
    </Flow>
  </FlowStats>
  <Ipv4FlowClassifier>
    <Flow flowId="1" sourceAddress="10.1.1.1" destinationAddress="10.1.1.2" protocol="6" sourcePort="49153" destinationPort="8080">
      <Dscp value="0x0" packets="78181" />
    </Flow>
    <Flow flowId="2" sourceAddress="10.1.1.2" destinationAddress="10.1.1.1" protocol="6" sourcePort="8080" destinationPort="49153">
      <Dscp value="0x0" packets="39555" />
    </Flow>
  </Ipv4FlowClassifier>
  <Ipv6FlowClassifier>
  </Ipv6FlowClassifier>
  <FlowProbes>
    <FlowProbe index="0">
      <FlowStats  flowId="1" packets="78181" bytes="82237356" delayFromFirstProbeSum="+0.0ns" >
      </FlowStats>
      <FlowStats  flowId="2" packets="39555" bytes="2073336" delayFromFirstProbeSum="+1585643876061.0ns" >
      </FlowStats>
    </FlowProbe>
    <FlowProbe index="1">
    </FlowProbe>
    <FlowProbe index="2">
      <FlowStats  flowId="1" packets="78029" bytes="82077452" delayFromFirstProbeSum="+3275958777576.0ns" >
      </FlowStats>
      <FlowStats  flowId="2" packets="39555" bytes="2073336" delayFromFirstProbeSum="+0.0ns" >
      </FlowStats>
    </FlowProbe>
    <FlowProbe index="3">
    </FlowProbe>
  </FlowProbes>
</FlowMonitor>
